[    0.000000] Linux version 4.15.0-212-generic (buildd@lcy02-amd64-083) (gcc version 7.5.0 (Ubuntu 7.5.0-3ubuntu1~18.04)) #223-Ubuntu SMP Tue May 23 13:09:22 UTC 2023 (Ubuntu 4.15.0-212.223-generic 4.15.18)
[    0.000000] Command line: BOOT_IMAGE=/boot/vmlinuz-4.15.0-212-generic root=LABEL=cloudimg-rootfs ro console=tty1 console=ttyS0
[    0.000000] KERNEL supported cpus:
[    0.000000]   Intel GenuineIntel
[    0.000000]   AMD AuthenticAMD
[    0.000000]   Centaur CentaurHauls
[    0.000000] x86/fpu: x87 FPU will use FXSAVE
[    0.000000] e820: BIOS-provided physical RAM map:
[    0.000000] BIOS-e820: [mem 0x0000000000000000-0x000000000009fbff] usable
[    0.000000] BIOS-e820: [mem 0x000000000009fc00-0x000000000009ffff] reserved
[    0.000000] BIOS-e820: [mem 0x00000000000f0000-0x00000000000fffff] reserved
[    0.000000] BIOS-e820: [mem 0x0000000000100000-0x000000007ffeffff] usable
[    0.000000] BIOS-e820: [mem 0x000000007fff0000-0x000000007fffffff] ACPI data
[    0.000000] BIOS-e820: [mem 0x00000000fec00000-0x00000000fec00fff] reserved
[    0.000000] BIOS-e820: [mem 0x00000000fee00000-0x00000000fee00fff] reserved
[    0.000000] BIOS-e820: [mem 0x00000000fffc0000-0x00000000ffffffff] reserved
[    0.000000] NX (Execute Disable) protection: active
[    0.000000] SMBIOS 2.5 present.
[    0.000000] DMI: innotek GmbH VirtualBox/VirtualBox, BIOS VirtualBox 12/01/2006
[    0.000000] Hypervisor detected: KVM
[    0.000000] e820: last_pfn = 0x7fff0 max_arch_pfn = 0x400000000
[    0.000000] MTRR: Disabled
[    0.000000] x86/PAT: MTRRs disabled, skipping PAT initialization too.
[    0.000000] CPU MTRRs all blank - virtualized system.
[    0.000000] x86/PAT: Configuration [0-7]: WB  WT  UC- UC  WB  WT  UC- UC  
[    0.000000] found SMP MP-table at [mem 0x0009fff0-0x0009ffff]
[    0.000000] Scanning 1 areas for low memory corruption
[    0.000000] RAMDISK: [mem 0x359cb000-0x36cdcfff]
[    0.000000] ACPI: Early table checksum verification disabled
[    0.000000] ACPI: RSDP 0x00000000000E0000 000024 (v02 VBOX  )
[    0.000000] ACPI: XSDT 0x000000007FFF0030 00003C (v01 VBOX   VBOXXSDT 00000001 ASL  00000061)
[    0.000000] ACPI: FACP 0x000000007FFF00F0 0000F4 (v04 VBOX   VBOXFACP 00000001 ASL  00000061)
[    0.000000] ACPI: DSDT 0x000000007FFF0610 002353 (v02 VBOX   VBOXBIOS 00000002 INTL 20100528)
[    0.000000] ACPI: FACS 0x000000007FFF0200 000040
[    0.000000] ACPI: FACS 0x000000007FFF0200 000040
[    0.000000] ACPI: APIC 0x000000007FFF0240 00005C (v02 VBOX   VBOXAPIC 00000001 ASL  00000061)
[    0.000000] ACPI: SSDT 0x000000007FFF02A0 00036C (v01 VBOX   VBOXCPUT 00000002 INTL 20100528)
[    0.000000] ACPI: Reserving FACP table memory at [mem 0x7fff00f0-0x7fff01e3]
[    0.000000] ACPI: Reserving DSDT table memory at [mem 0x7fff0610-0x7fff2962]
[    0.000000] ACPI: Reserving FACS table memory at [mem 0x7fff0200-0x7fff023f]
[    0.000000] ACPI: Reserving FACS table memory at [mem 0x7fff0200-0x7fff023f]
[    0.000000] ACPI: Reserving APIC table memory at [mem 0x7fff0240-0x7fff029b]
[    0.000000] ACPI: Reserving SSDT table memory at [mem 0x7fff02a0-0x7fff060b]
[    0.000000] No NUMA configuration found
[    0.000000] Faking a node at [mem 0x0000000000000000-0x000000007ffeffff]
[    0.000000] NODE_DATA(0) allocated [mem 0x7ffc5000-0x7ffeffff]
[    0.000000] kvm-clock: cpu 0, msr 0:7ff44001, primary cpu clock
[    0.000000] kvm-clock: Using msrs 4b564d01 and 4b564d00
[    0.000000] kvm-clock: using sched offset of 4486602119 cycles
[    0.000000] clocksource: kvm-clock: mask: 0xffffffffffffffff max_cycles: 0x1cd42e4dffb, max_idle_ns: 881590591483 ns
[    0.000000] Zone ranges:
[    0.000000]   DMA      [mem 0x0000000000001000-0x0000000000ffffff]
[    0.000000]   DMA32    [mem 0x0000000001000000-0x000000007ffeffff]
[    0.000000]   Normal   empty
[    0.000000]   Device   empty
[    0.000000] Movable zone start for each node
[    0.000000] Early memory node ranges
[    0.000000]   node   0: [mem 0x0000000000001000-0x000000000009efff]
[    0.000000]   node   0: [mem 0x0000000000100000-0x000000007ffeffff]
[    0.000000] Reserved but unavailable: 104 pages
[    0.000000] Initmem setup node 0 [mem 0x0000000000001000-0x000000007ffeffff]
[    0.000000] ACPI: PM-Timer IO Port: 0x4008
[    0.000000] IOAPIC[0]: apic_id 2, version 32, address 0xfec00000, GSI 0-23
[    0.000000] ACPI: INT_SRC_OVR (bus 0 bus_irq 0 global_irq 2 dfl dfl)
[    0.000000] ACPI: INT_SRC_OVR (bus 0 bus_irq 9 global_irq 9 low level)
[    0.000000] Using ACPI (MADT) for SMP configuration information
[    0.000000] smpboot: Allowing 2 CPUs, 0 hotplug CPUs
[    0.000000] PM: Registered nosave memory: [mem 0x00000000-0x00000fff]
[    0.000000] PM: Registered nosave memory: [mem 0x0009f000-0x0009ffff]
[    0.000000] PM: Registered nosave memory: [mem 0x000a0000-0x000effff]
[    0.000000] PM: Registered nosave memory: [mem 0x000f0000-0x000fffff]
[    0.000000] e820: [mem 0x80000000-0xfebfffff] available for PCI devices
[    0.000000] Booting paravirtualized kernel on KVM
[    0.000000] clocksource: refined-jiffies: mask: 0xffffffff max_cycles: 0xffffffff, max_idle_ns: 7645519600211568 ns
[    0.000000] setup_percpu: NR_CPUS:8192 nr_cpumask_bits:2 nr_cpu_ids:2 nr_node_ids:1
[    0.000000] percpu: Embedded 50 pages/cpu s167936 r8192 d28672 u1048576
[    0.000000] PV qspinlock hash table entries: 256 (order: 0, 4096 bytes)
[    0.000000] Built 1 zonelists, mobility grouping on.  Total pages: 515961
[    0.000000] Policy zone: DMA32
[    0.000000] Kernel command line: BOOT_IMAGE=/boot/vmlinuz-4.15.0-212-generic root=LABEL=cloudimg-rootfs ro console=tty1 console=ttyS0
[    0.000000] Memory: 2014836K/2096696K available (12300K kernel code, 2477K rwdata, 4324K rodata, 2480K init, 2720K bss, 81860K reserved, 0K cma-reserved)
[    0.000000] SLUB: HWalign=64, Order=0-3, MinObjects=0, CPUs=2, Nodes=1
[    0.000000] Kernel/User page tables isolation: enabled
[    0.000000] ftrace: allocating 39508 entries in 155 pages
[    0.004000] Hierarchical RCU implementation.
[    0.004000] 	RCU restricting CPUs from NR_CPUS=8192 to nr_cpu_ids=2.
[    0.004000] 	Tasks RCU enabled.
[    0.004000] RCU: Adjusting geometry for rcu_fanout_leaf=16, nr_cpu_ids=2
[    0.004000] NR_IRQS: 524544, nr_irqs: 440, preallocated irqs: 16
[    0.004000] random: crng init done
[    0.004000] Console: colour VGA+ 80x25
[    0.004000] console [tty1] enabled
[    0.004000] console [ttyS0] enabled
[    0.004000] ACPI: Core revision 20170831
[    0.004000] ACPI: 2 ACPI AML tables successfully acquired and loaded
[    0.004000] APIC: Switch to symmetric I/O mode setup
[    0.004000] ..TIMER: vector=0x30 apic1=0 pin1=2 apic2=-1 pin2=-1
[    0.004000] tsc: Detected 2903.996 MHz processor
[    0.004011] Calibrating delay loop (skipped) preset value.. 5807.99 BogoMIPS (lpj=11615984)
[    0.008008] pid_max: default: 32768 minimum: 301
[    0.012105] Security Framework initialized
[    0.016004] Yama: becoming mindful.
[    0.020172] AppArmor: AppArmor initialized
[    0.040663] Dentry cache hash table entries: 262144 (order: 9, 2097152 bytes)
[    0.054431] Inode-cache hash table entries: 131072 (order: 8, 1048576 bytes)
[    0.060172] Mount-cache hash table entries: 4096 (order: 3, 32768 bytes)
[    0.064267] Mountpoint-cache hash table entries: 4096 (order: 3, 32768 bytes)
[    0.071866] Last level iTLB entries: 4KB 64, 2MB 8, 4MB 8
[    0.072012] Last level dTLB entries: 4KB 64, 2MB 0, 4MB 0, 1GB 4
[    0.076013] Spectre V1 : Mitigation: usercopy/swapgs barriers and __user pointer sanitization
[    0.080090] Spectre V2 : Mitigation: Retpolines
[    0.084009] Spectre V2 : Spectre v2 / SpectreRSB mitigation: Filling RSB on context switch
[    0.088008] Spectre V2 : Spectre v2 / SpectreRSB : Filling RSB on VMEXIT
[    0.092006] RETBleed: WARNING: Spectre v2 mitigation leaves CPU vulnerable to RETBleed attacks, data leaks possible!
[    0.096010] RETBleed: Vulnerable
[    0.100006] Speculative Store Bypass: Vulnerable
[    0.104183] MDS: Mitigation: Clear CPU buffers
[    0.108007] MMIO Stale Data: Mitigation: Clear CPU buffers
[    0.112009] SRBDS: Unknown: Dependent on hypervisor status
[    0.120197] Freeing SMP alternatives memory: 36K
[    0.240564] smpboot: CPU0: Intel(R) Core(TM) i7-7820HQ CPU @ 2.90GHz (family: 0x6, model: 0x9e, stepping: 0x9)
[    0.244576] Performance Events: unsupported p6 CPU model 158 no PMU driver, software events only.
[    0.248178] Hierarchical SRCU implementation.
[    0.252909] NMI watchdog: Perf event create on CPU 0 failed with -2
[    0.256007] NMI watchdog: Perf NMI watchdog permanently disabled
[    0.260762] smp: Bringing up secondary CPUs ...
[    0.265268] x86: Booting SMP configuration:
[    0.268009] .... node  #0, CPUs:      #1
[    0.004000] kvm-clock: cpu 1, msr 0:7ff44041, secondary cpu clock
[    0.288378] smp: Brought up 1 node, 2 CPUs
[    0.292007] smpboot: Max logical packages: 1
[    0.296005] smpboot: Total of 2 processors activated (11615.98 BogoMIPS)
[    0.300695] devtmpfs: initialized
[    0.304204] x86/mm: Memory block size: 128MB
[    0.308734] evm: security.selinux
[    0.312004] evm: security.SMACK64
[    0.316004] evm: security.SMACK64EXEC
[    0.320003] evm: security.SMACK64TRANSMUTE
[    0.324009] evm: security.SMACK64MMAP
[    0.328004] evm: security.apparmor
[    0.332004] evm: security.ima
[    0.336003] evm: security.capability
[    0.344595] clocksource: jiffies: mask: 0xffffffff max_cycles: 0xffffffff, max_idle_ns: 7645041785100000 ns
[    0.348029] futex hash table entries: 512 (order: 3, 32768 bytes)
[    0.352203] pinctrl core: initialized pinctrl subsystem
[    0.356818] RTC time:  9:57:58, date: 12/27/23
[    0.361989] NET: Registered protocol family 16
[    0.368228] audit: initializing netlink subsys (disabled)
[    0.372263] audit: type=2000 audit(1703671082.859:1): state=initialized audit_enabled=0 res=1
[    0.384017] cpuidle: using governor ladder
[    0.388015] cpuidle: using governor menu
[    0.392057] ACPI: bus type PCI registered
[    0.396007] acpiphp: ACPI Hot Plug PCI Controller Driver version: 0.5
[    0.400795] PCI: Using configuration type 1 for base access
[    0.412843] HugeTLB registered 2.00 MiB page size, pre-allocated 0 pages
[    0.420833] ACPI: Added _OSI(Module Device)
[    0.424023] ACPI: Added _OSI(Processor Device)
[    0.428006] ACPI: Added _OSI(3.0 _SCP Extensions)
[    0.432004] ACPI: Added _OSI(Processor Aggregator Device)
[    0.436004] ACPI: Added _OSI(Linux-Dell-Video)
[    0.440004] ACPI: Added _OSI(Linux-Lenovo-NV-HDMI-Audio)
[    0.444105] ACPI: Added _OSI(Linux-HPI-Hybrid-Graphics)
[    0.453328] ACPI: Executed 1 blocks of module-level executable AML code
[    0.463748] ACPI: Interpreter enabled
[    0.464036] ACPI: (supports S0 S5)
[    0.468004] ACPI: Using IOAPIC for interrupt routing
[    0.472623] PCI: Using host bridge windows from ACPI; if necessary, use "pci=nocrs" and report a bug
[    0.476295] ACPI: Enabled 2 GPEs in block 00 to 07
[    0.496562] ACPI: PCI Root Bridge [PCI0] (domain 0000 [bus 00-ff])
[    0.500012] acpi PNP0A03:00: _OSC: OS supports [ASPM ClockPM Segments MSI]
[    0.505090] acpi PNP0A03:00: _OSC: not requesting OS control; OS requires [ExtendedConfig ASPM ClockPM MSI]
[    0.508024] acpi PNP0A03:00: fail to add MMCONFIG information, can't access extended PCI configuration space under this bridge.
[    0.513591] PCI host bridge to bus 0000:00
[    0.516014] pci_bus 0000:00: root bus resource [io  0x0000-0x0cf7 window]
[    0.520012] pci_bus 0000:00: root bus resource [io  0x0d00-0xffff window]
[    0.524007] pci_bus 0000:00: root bus resource [mem 0x000a0000-0x000bffff window]
[    0.528011] pci_bus 0000:00: root bus resource [mem 0x80000000-0xfdffffff window]
[    0.536020] pci_bus 0000:00: root bus resource [bus 00-ff]
[    0.556416] pci 0000:00:01.1: legacy IDE quirk: reg 0x10: [io  0x01f0-0x01f7]
[    0.560005] pci 0000:00:01.1: legacy IDE quirk: reg 0x14: [io  0x03f6]
[    0.564008] pci 0000:00:01.1: legacy IDE quirk: reg 0x18: [io  0x0170-0x0177]
[    0.568006] pci 0000:00:01.1: legacy IDE quirk: reg 0x1c: [io  0x0376]
[    0.606073] pci 0000:00:07.0: quirk: [io  0x4000-0x403f] claimed by PIIX4 ACPI
[    0.608051] pci 0000:00:07.0: quirk: [io  0x4100-0x410f] claimed by PIIX4 SMB
[    0.631010] ACPI: PCI Interrupt Link [LNKA] (IRQs 5 9 10 *11)
[    0.632988] ACPI: PCI Interrupt Link [LNKB] (IRQs 5 9 *10 11)
[    0.636445] ACPI: PCI Interrupt Link [LNKC] (IRQs 5 *9 10 11)
[    0.640416] ACPI: PCI Interrupt Link [LNKD] (IRQs 5 9 10 *11)
[    0.649579] SCSI subsystem initialized
[    0.652412] pci 0000:00:02.0: vgaarb: setting as boot VGA device
[    0.656000] pci 0000:00:02.0: vgaarb: VGA device added: decodes=io+mem,owns=io+mem,locks=none
[    0.656035] pci 0000:00:02.0: vgaarb: bridge control possible
[    0.660005] vgaarb: loaded
[    0.664216] ACPI: bus type USB registered
[    0.668056] usbcore: registered new interface driver usbfs
[    0.672083] usbcore: registered new interface driver hub
[    0.676014] usbcore: registered new device driver usb
[    0.684180] EDAC MC: Ver: 3.0.0
[    0.692497] PCI: Using ACPI for IRQ routing
[    0.697475] NetLabel: Initializing
[    0.700008] NetLabel:  domain hash size = 128
[    0.704003] NetLabel:  protocols = UNLABELED CIPSOv4 CALIPSO
[    0.708261] NetLabel:  unlabeled traffic allowed by default
[    0.712287] clocksource: Switched to clocksource kvm-clock
[    0.750720] VFS: Disk quotas dquot_6.6.0
[    0.750720] VFS: Dquot-cache hash table entries: 512 (order 0, 4096 bytes)
[    0.750720] AppArmor: AppArmor Filesystem Enabled
[    0.750720] pnp: PnP ACPI init
[    0.750720] pnp: PnP ACPI: found 3 devices
[    0.887202] clocksource: acpi_pm: mask: 0xffffff max_cycles: 0xffffff, max_idle_ns: 2085701024 ns
[    0.888606] NET: Registered protocol family 2
[    0.888606] IP idents hash table entries: 32768 (order: 6, 262144 bytes)
[    0.914672] TCP established hash table entries: 16384 (order: 5, 131072 bytes)
[    0.925590] TCP bind hash table entries: 16384 (order: 6, 262144 bytes)
[    0.937662] TCP: Hash tables configured (established 16384 bind 16384)
[    0.941589] UDP hash table entries: 1024 (order: 3, 32768 bytes)
[    0.961399] UDP-Lite hash table entries: 1024 (order: 3, 32768 bytes)
[    0.965051] NET: Registered protocol family 1
[    0.976059] pci 0000:00:00.0: Limiting direct PCI/PCI transfers
[    0.984264] pci 0000:00:01.0: Activating ISA DMA hang workarounds
[    0.992073] pci 0000:00:02.0: Video device with shadowed ROM at [mem 0x000c0000-0x000dffff]
[    0.995799] Unpacking initramfs...
[    1.692848] Freeing initrd memory: 19528K
[    1.700809] clocksource: tsc: mask: 0xffffffffffffffff max_cycles: 0x29dc020bb13, max_idle_ns: 440795273180 ns
[    1.716635] platform rtc_cmos: registered platform RTC device (no PNP device found)
[    1.725614] Scanning for low memory corruption every 60 seconds
[    1.735674] Initialise system trusted keyrings
[    1.742416] Key type blacklist registered
[    1.747437] workingset: timestamp_bits=36 max_order=19 bucket_order=0
[    1.760516] zbud: loaded
[    1.766761] squashfs: version 4.0 (2009/01/31) Phillip Lougher
[    1.774157] fuse init (API version 7.26)
[    1.825173] Key type asymmetric registered
[    1.831666] Asymmetric key parser 'x509' registered
[    1.840404] Block layer SCSI generic (bsg) driver version 0.4 loaded (major 246)
[    1.849526] io scheduler noop registered
[    1.854821] io scheduler deadline registered
[    1.859692] io scheduler cfq registered (default)
[    1.867151] ACPI: AC Adapter [AC] (on-line)
[    1.874760] input: Power Button as /devices/LNXSYSTM:00/LNXPWRBN:00/input/input0
[    1.885356] ACPI: Power Button [PWRF]
[    1.892789] input: Sleep Button as /devices/LNXSYSTM:00/LNXSLPBN:00/input/input1
[    1.903315] ACPI: Sleep Button [SLPF]
[    1.910994] ACPI: Battery Slot [BAT0] (battery present)
[    1.918634] Serial: 8250/16550 driver, 32 ports, IRQ sharing enabled
[    1.961379] 00:02: ttyS0 at I/O 0x3f8 (irq = 4, base_baud = 115200) is a 16550A
[    1.991757] Linux agpgart interface v0.103
[    2.005449] loop: module loaded
[    2.012697] scsi host0: ata_piix
[    2.019660] scsi host1: ata_piix
[    2.026331] ata1: PATA max UDMA/33 cmd 0x1f0 ctl 0x3f6 bmdma 0xd000 irq 14
[    2.037127] ata2: PATA max UDMA/33 cmd 0x170 ctl 0x376 bmdma 0xd008 irq 15
[    2.048069] tun: Universal TUN/TAP device driver, 1.6
[    2.058271] PPP generic driver version 2.4.2
[    2.063162] ehci_hcd: USB 2.0 'Enhanced' Host Controller (EHCI) Driver
[    2.071708] ehci-pci: EHCI PCI platform driver
[    2.076438] ehci-platform: EHCI generic platform driver
[    2.080373] ohci_hcd: USB 1.1 'Open' Host Controller (OHCI) Driver
[    2.090819] ohci-pci: OHCI PCI platform driver
[    2.095550] ohci-platform: OHCI generic platform driver
[    2.101498] uhci_hcd: USB Universal Host Controller Interface driver
[    2.110181] i8042: PNP: PS/2 Controller [PNP0303:PS2K,PNP0f03:PS2M] at 0x60,0x64 irq 1,12
[    2.125577] serio: i8042 KBD port at 0x60,0x64 irq 1
[    2.132515] serio: i8042 AUX port at 0x60,0x64 irq 12
[    2.141197] mousedev: PS/2 mouse device common for all mice
[    2.152430] rtc_cmos rtc_cmos: rtc core: registered rtc_cmos as rtc0
[    2.162292] rtc_cmos rtc_cmos: alarms up to one day, 114 bytes nvram
[    2.170754] i2c /dev entries driver
[    2.175069] input: AT Translated Set 2 keyboard as /devices/platform/i8042/serio0/input/input2
[    2.186422] device-mapper: uevent: version 1.0.3
[    2.193421] device-mapper: ioctl: 4.37.0-ioctl (2017-09-20) initialised: dm-devel@redhat.com
[    2.205824] ledtrig-cpu: registered to indicate activity on CPUs
[    2.251157] NET: Registered protocol family 10
[    2.303635] Segment Routing with IPv6
[    2.309061] NET: Registered protocol family 17
[    2.314503] Key type dns_resolver registered
[    2.323095] mce: Using 0 MCE banks
[    2.328135] RAS: Correctable Errors collector initialized.
[    2.338962] sched_clock: Marking stable (2338753879, 0)->(3884778429, -1546024550)
[    2.353996] registered taskstats version 1
[    2.359590] Loading compiled-in X.509 certificates
[    2.372076] Loaded X.509 cert 'Build time autogenerated kernel key: b5b26778eaa3ab3a4a6cee031137706e947d12ad'
[    2.383130] Loaded X.509 cert 'Canonical Ltd. Live Patch Signing: 14df34d1a87cf37625abec039ef2bf521249b969'
[    2.395141] Loaded X.509 cert 'Canonical Ltd. Kernel Module Signing: 88f752e560a1e0737e31163a466ad7b70a850c19'
[    2.408421] blacklist: Loading compiled-in revocation X.509 certificates
[    2.415889] Loaded X.509 cert 'Canonical Ltd. Secure Boot Signing: 61482aa2830d0ab2ad5af10b7250da9033ddcef0'
[    2.428752] Loaded X.509 cert 'Canonical Ltd. Secure Boot Signing (2017): 242ade75ac4a15e50d50c84b0d45ff3eae707a03'
[    2.440892] Loaded X.509 cert 'Canonical Ltd. Secure Boot Signing (ESM 2018): 365188c1d374d6b07c3c8f240f8ef722433d6a8b'
[    2.454069] Loaded X.509 cert 'Canonical Ltd. Secure Boot Signing (2019): c0746fd6c5da3ae827864651ad66ae47fe24b3e8'
[    2.466326] Loaded X.509 cert 'Canonical Ltd. Secure Boot Signing (2021 v1): a8d54bbb3825cfb94fa13c9f8a594a195c107b8d'
[    2.481495] Loaded X.509 cert 'Canonical Ltd. Secure Boot Signing (2021 v2): 4cf046892d6fd3c9a5b03f98d845f90851dc6a8c'
[    2.493127] Loaded X.509 cert 'Canonical Ltd. Secure Boot Signing (2021 v3): 100437bb6de6e469b581e61cd66bce3ef4ed53af'
[    2.505654] Loaded X.509 cert 'Canonical Ltd. Secure Boot Signing (Ubuntu Core 2019): c1d57b8f6b743f23ee41f4f7ee292f06eecadfb9'
[    2.517880] zswap: loaded using pool lzo/zbud
[    2.534763] Key type big_key registered
[    2.541374] Key type trusted registered
[    2.551085] Key type encrypted registered
[    2.556453] AppArmor: AppArmor sha1 policy hashing enabled
[    2.562724] ima: No TPM chip found, activating TPM-bypass! (rc=-19)
[    2.570812] ima: Allocated hash algorithm: sha1
[    2.578059] evm: HMAC attrs: 0x1
[    2.585226]   Magic number: 3:463:981
[    2.592881] rtc_cmos rtc_cmos: setting system clock to 2023-12-27 09:58:00 UTC (1703671080)
[    2.605261] BIOS EDD facility v0.16 2004-Jun-25, 0 devices found
[    2.613944] EDD information not available.
[    2.623115] Freeing unused kernel image memory: 2480K
[    2.734225] Write protecting the kernel read-only data: 20480k
[    2.744419] Freeing unused kernel image memory: 2008K
[    2.753363] Freeing unused kernel image memory: 1820K
[    2.771720] x86/mm: Checked W+X mappings: passed, no W+X pages found.
[    2.778759] x86/mm: Checking user space page tables
[    2.792838] x86/mm: Checked W+X mappings: passed, no W+X pages found.
Loading, please wait...
starting version 237
[    2.928084] e1000: Intel(R) PRO/1000 Network Driver - version 7.3.21-k8-NAPI
[    2.936334] e1000: Copyright (c) 1999-2006 Intel Corporation.
[    2.947423] Fusion MPT base driver 3.04.20
[    2.952479] Copyright (c) 1999-2008 LSI Corporation
[    3.030869] SSE version of gcm_enc/dec engaged.
[    3.046555] Fusion MPT SPI Host driver 3.04.20
[    3.252742] input: ImExPS/2 Generic Explorer Mouse as /devices/platform/i8042/serio1/input/input4
[    3.838596] e1000 0000:00:03.0 eth0: (PCI:33MHz:32-bit) 02:3b:7b:b7:3b:2d
[    3.846961] e1000 0000:00:03.0 eth0: Intel(R) PRO/1000 Network Connection
[    4.704101] e1000 0000:00:08.0 eth1: (PCI:33MHz:32-bit) 08:00:27:98:a3:80
[    4.717316] e1000 0000:00:08.0 eth1: Intel(R) PRO/1000 Network Connection
[    4.734938] e1000 0000:00:03.0 enp0s3: renamed from eth0
[    4.743260] mptbase: ioc0: Initiating bringup
[    4.761857] e1000 0000:00:08.0 enp0s8: renamed from eth1
